// Bun Snapshot v1, https://goo.gl/fbAQLP

exports[`ExerciseOne Component should match the snapshot 1`] = `
"<div class="max-h-screen w-screen flex flex-col items-center justify-center gap-10 mt-20">
  <h1 class="block antialiased tracking-normal font-sans text-5xl font-semibold leading-tight text-inherit">Exercise #1</h1>
  <div class="flex flex-col gap-6"><button>Go back</button>
    <table class="table-auto relative w-full border">
      <thead>
        <tr class="bg-blue-gray-50 dark:bg-blue-gray-800 sticky top-0">
          <th class="px-6 py-3">
            <div class="flex gap-4">
              <p class="block antialiased font-sans text-base font-light leading-relaxed text-inherit">Fruit</p>
              <div class="flex flex-col">
                <p class="block antialiased font-sans font-light text-inherit text-xs leading-none cursor-pointer select-none">▲</p>
                <p class="block antialiased font-sans font-light text-inherit text-xs leading-none cursor-pointer select-none">▼</p>
              </div>
            </div>
          </th>
          <th class="px-6 py-3">
            <div class="flex gap-4">
              <p class="block antialiased font-sans text-base font-light leading-relaxed text-inherit">Quantity</p>
              <div class="flex flex-col">
                <p class="block antialiased font-sans font-light text-inherit text-xs leading-none cursor-pointer select-none">▲</p>
                <p class="block antialiased font-sans font-light text-inherit text-xs leading-none cursor-pointer select-none">▼</p>
              </div>
            </div>
          </th>
          <th class="px-6 py-3">
            <div class="flex gap-4">
              <p class="block antialiased font-sans text-base font-light leading-relaxed text-inherit">Price</p>
              <div class="flex flex-col">
                <p class="block antialiased font-sans font-light text-inherit text-xs leading-none cursor-pointer select-none">▲</p>
                <p class="block antialiased font-sans font-light text-inherit text-xs leading-none cursor-pointer select-none">▼</p>
              </div>
            </div>
          </th>
        </tr>
      </thead>
      <tbody class="divide-y">
        <tr class="even:bg-blue-gray-50/50">
          <td class="py-3 px-4">Apple</td>
          <td class="py-3 px-4">10</td>
          <td class="py-3 px-4">1.3</td>
        </tr>
        <tr class="even:bg-blue-gray-50/50">
          <td class="py-3 px-4">Banana</td>
          <td class="py-3 px-4">20</td>
          <td class="py-3 px-4">2.85</td>
        </tr>
        <tr class="even:bg-blue-gray-50/50">
          <td class="py-3 px-4">Cherry</td>
          <td class="py-3 px-4">30</td>
          <td class="py-3 px-4">3.12</td>
        </tr>
        <tr class="dark:bg-yellow-800 bg-yellow-100">
          <td class="py-3 px-4">Strawberry</td>
          <td class="py-3 px-4">40</td>
          <td class="py-3 px-4">4.83</td>
        </tr>
        <tr class="even:bg-blue-gray-50/50">
          <td class="py-3 px-4">Blueberry</td>
          <td class="py-3 px-4">50</td>
          <td class="py-3 px-4">5.01</td>
        </tr>
        <tr class="dark:bg-yellow-800 bg-yellow-100">
          <td class="py-3 px-4">Pineapple</td>
          <td class="py-3 px-4">60</td>
          <td class="py-3 px-4">6.45</td>
        </tr>
        <tr class="even:bg-blue-gray-50/50">
          <td class="py-3 px-4">Mango</td>
          <td class="py-3 px-4">70</td>
          <td class="py-3 px-4">7.62</td>
        </tr>
        <tr class="dark:bg-yellow-800 bg-yellow-100">
          <td class="py-3 px-4">Peach</td>
          <td class="py-3 px-4">80</td>
          <td class="py-3 px-4">8.15</td>
        </tr>
        <tr class="even:bg-blue-gray-50/50">
          <td class="py-3 px-4">Pear</td>
          <td class="py-3 px-4">90</td>
          <td class="py-3 px-4">9.81</td>
        </tr>
        <tr class="dark:bg-yellow-800 bg-yellow-100">
          <td class="py-3 px-4">Plum</td>
          <td class="py-3 px-4">100</td>
          <td class="py-3 px-4">10</td>
        </tr>
      </tbody>
    </table>
  </div>
</div>"
`;
